error 2021-12-13 19:32:19 [main] conosola - login |202| root 192.168.1.100
error 2021-12-13 19:34:13 [main] conosola - login |202| root 8.8.8.8
